[
    {
        "name": "Hari Wesak",
        "date": "2024-01-01"
    },
    {
        "name": "Hari Thaipusam",
        "date": "2024-01-01"
    },
    {
        "name": "Hari Deepavali",
        "date": "2024-01-01"
    },
    {
        "name": "Tahun Baru",
        "date": "2024-01-01"
    },
    {
        "name": "Hari Keputeraan Yang Di-Pertuan Besar Negeri Sembilan",
        "date": "2024-01-14"
    },
    {
        "name": "Hari Wilayah Persekutuan",
        "date": "2024-02-01"
    },
    {
        "name": "Israk dan Mikraj",
        "date": "2024-02-07"
    },
    {
        "name": "Tahun Baru Cina",
        "date": "2024-02-10"
    },
    {
        "name": "Tahun Baru Cina Hari Kedua",
        "date": "2024-02-11"
    },
    {
        "name": "Hari Ulang Tahun Pertabalan Sultan Terengganu",
        "date": "2024-03-04"
    },
    {
        "name": "Awal Ramadan",
        "date": "2024-03-11"
    },
    {
        "name": "Hari Keputeraan Sultan Johor",
        "date": "2024-03-23"
    },
    {
        "name": "Hari Nurul Al-Quran",
        "date": "2024-03-27"
    },
    {
        "name": "Good Friday",
        "date": "2024-03-29"
    },
    {
        "name": "Hari Raya Aidilfitri",
        "date": "2024-04-10"
    },
    {
        "name": "Hari Raya Aidilfitri Hari Kedua",
        "date": "2024-04-11"
    },
    {
        "name": "Hari Perisytiharan Melaka Sebagai Bandaraya Bersejarah",
        "date": "2024-04-15"
    },
    {
        "name": "Hari Keputeraan Sultan Terengganu",
        "date": "2024-04-26"
    },
    {
        "name": "Hari Pekerja",
        "date": "2024-05-01"
    },
    {
        "name": "Hari Keputeraan Raja Perlis",
        "date": "2024-05-17"
    },
    {
        "name": "Hari Hol Pahang",
        "date": "2024-05-22"
    },
    {
        "name": "Pesta Kaamatan",
        "date": "2024-05-30"
    },
    {
        "name": "Pesta Kaamatan Hari Kedua",
        "date": "2024-05-31"
    },
    {
        "name": "Hari Gawai",
        "date": "2024-06-01"
    },
    {
        "name": "Hari Gawai Kedua",
        "date": "2024-06-02"
    },
    {
        "name": "Hari Keputeraan Sultan Kedah",
        "date": "2024-06-16"
    },
    {
        "name": "Hari Arafah",
        "date": "2024-06-16"
    },
    {
        "name": "Hari Raya Aidiladha",
        "date": "2024-06-17"
    },
    {
        "name": "Hari Raya Aidiladha Hari Kedua",
        "date": "2024-06-18"
    },
    {
        "name": "Hari Bandar Warisan Dunia Georgetown",
        "date": "2024-07-07"
    },
    {
        "name": "Awal Muharram",
        "date": "2024-07-08"
    },
    {
        "name": "Harijadi Yang di-Pertua Negeri Pulau Pinang",
        "date": "2024-07-13"
    },
    {
        "name": "Hari Sarawak",
        "date": "2024-07-22"
    },
    {
        "name": "Hari Keputeraan Sultan Pahang",
        "date": "2024-07-30"
    },
    {
        "name": "Hari Hol Johor",
        "date": "2024-08-11"
    },
    {
        "name": "Harijadi Yang di-Pertua Negeri Melaka",
        "date": "2024-08-24"
    },
    {
        "name": "Hari Kebangsaan",
        "date": "2024-08-31"
    },
    {
        "name": "Hari Malaysia",
        "date": "2024-09-16"
    },
    {
        "name": "Maulidur Rasul",
        "date": "2024-09-16"
    },
    {
        "name": "Hari Keputeraan Sultan Kelantan",
        "date": "2024-09-29"
    },
    {
        "name": "Hari Keputeraan Sultan Kelantan Hari Kedua",
        "date": "2024-09-30"
    },
    {
        "name": "Hari Keputeraan Yang Di-Pertuan Agong",
        "date": "2024-10-05"
    },
    {
        "name": "Harijadi Yang di-Pertua Negeri Sabah",
        "date": "2024-10-05"
    },
    {
        "name": "Harijadi Yang di-Pertua Negeri Sarawak",
        "date": "2024-10-12"
    },
    {
        "name": "Hari Keputeraan Sultan Perak",
        "date": "2024-11-01"
    },
    {
        "name": "Hari Keputeraan Sultan Selangor",
        "date": "2024-12-11"
    },
    {
        "name": "Hari Natal",
        "date": "2024-12-24"
    },
    {
        "name": "Hari Krismas",
        "date": "2024-12-25"
    }
]