[
    {
        "name": "Hari Wesak",
        "date": "2024-01-01"
    },
    {
        "name": "Tahun Baru",
        "date": "2024-01-01"
    },
    {
        "name": "Hari Deepavali",
        "date": "2024-01-01"
    },
    {
        "name": "Tahun Baru Cina",
        "date": "2024-02-10"
    },
    {
        "name": "Tahun Baru Cina Hari Kedua",
        "date": "2024-02-11"
    },
    {
        "name": "Good Friday",
        "date": "2024-03-29"
    },
    {
        "name": "Hari Raya Aidilfitri",
        "date": "2024-04-10"
    },
    {
        "name": "Hari Raya Aidilfitri Hari Kedua",
        "date": "2024-04-11"
    },
    {
        "name": "Hari Pekerja",
        "date": "2024-05-01"
    },
    {
        "name": "Pesta Kaamatan",
        "date": "2024-05-30"
    },
    {
        "name": "Pesta Kaamatan Hari Kedua",
        "date": "2024-05-31"
    },
    {
        "name": "Hari Raya Aidiladha",
        "date": "2024-06-17"
    },
    {
        "name": "Awal Muharram",
        "date": "2024-07-08"
    },
    {
        "name": "Hari Kebangsaan",
        "date": "2024-08-31"
    },
    {
        "name": "Hari Malaysia",
        "date": "2024-09-16"
    },
    {
        "name": "Maulidur Rasul",
        "date": "2024-09-16"
    },
    {
        "name": "Hari Keputeraan Yang Di-Pertuan Agong",
        "date": "2024-10-05"
    },
    {
        "name": "Harijadi Yang di-Pertua Negeri Sabah",
        "date": "2024-10-05"
    },
    {
        "name": "Hari Natal",
        "date": "2024-12-24"
    },
    {
        "name": "Hari Krismas",
        "date": "2024-12-25"
    }
]