[
    {
        "name": "New Year's Day",
        "date": "2025-01-01"
    },
    {
        "name": "Independence Day",
        "date": "2025-03-20"
    },
    {
        "name": "Eid al-Fitr day 1",
        "date": "2025-03-31"
    },
    {
        "name": "Eid al-Fitr day 2",
        "date": "2025-04-01"
    },
    {
        "name": "Martyrs' Day",
        "date": "2025-04-09"
    },
    {
        "name": "Labour Day",
        "date": "2025-05-01"
    },
    {
        "name": "Arafat Day",
        "date": "2025-06-06"
    },
    {
        "name": "Islamic new year",
        "date": "2025-06-06"
    },
    {
        "name": "Eid al-Adha day 1",
        "date": "2025-06-07"
    },
    {
        "name": "Eid al-Adha day 2",
        "date": "2025-06-08"
    },
    {
        "name": "Republic Day",
        "date": "2025-07-25"
    },
    {
        "name": "Women's Day",
        "date": "2025-08-13"
    },
    {
        "name": "Birthday of the Prophet Mohamed",
        "date": "2025-09-06"
    },
    {
        "name": "Evacuation Day",
        "date": "2025-10-15"
    },
    {
        "name": "Revolution and Youth Day",
        "date": "2025-12-17"
    }
]