[
    {
        "name": "New Year's Day",
        "date": "2024-01-01"
    },
    {
        "name": "Carnival Monday",
        "date": "2024-02-12"
    },
    {
        "name": "Carnival Tuesday",
        "date": "2024-02-13"
    },
    {
        "name": "Holy Friday",
        "date": "2024-03-29"
    },
    {
        "name": "Labor Day",
        "date": "2024-05-03"
    },
    {
        "name": "Battle of Pichincha",
        "date": "2024-05-24"
    },
    {
        "name": "Independence Day",
        "date": "2024-08-09"
    },
    {
        "name": "Independence Of Guayaquil",
        "date": "2024-10-11"
    },
    {
        "name": "All Souls' Day",
        "date": "2024-11-01"
    },
    {
        "name": "Independence Of Cuenca",
        "date": "2024-11-04"
    },
    {
        "name": "Christmas",
        "date": "2024-12-25"
    }
]