[
    {
        "name": "New Year's Day",
        "date": "2023-01-01"
    },
    {
        "name": "Proclamation of Independence Day",
        "date": "2023-01-11"
    },
    {
        "name": "Amazigh New Year (\u2d49\u2d39 \u2d4f \u2d62\u2d49\u2d4f\u2d4f\u2d30\u2d62\u2d54)",
        "date": "2023-01-14"
    },
    {
        "name": "Eid al-Fitr",
        "date": "2023-04-22"
    },
    {
        "name": "Eid al-Fitr 2",
        "date": "2023-04-23"
    },
    {
        "name": "Labour Day",
        "date": "2023-05-01"
    },
    {
        "name": "Eid al-Adha",
        "date": "2023-06-29"
    },
    {
        "name": "Eid al-Adha 2",
        "date": "2023-06-30"
    },
    {
        "name": "Islamic New Year",
        "date": "2023-07-19"
    },
    {
        "name": "Throne Day",
        "date": "2023-07-30"
    },
    {
        "name": "Oued Ed-Dahab Day",
        "date": "2023-08-14"
    },
    {
        "name": "Revolution Day",
        "date": "2023-08-20"
    },
    {
        "name": "Youth Day",
        "date": "2023-08-21"
    },
    {
        "name": "Birthday of the Prophet Muhammad",
        "date": "2023-09-27"
    },
    {
        "name": "Birthday of the Prophet Muhammad 2",
        "date": "2023-09-28"
    },
    {
        "name": "Green March",
        "date": "2023-11-06"
    },
    {
        "name": "Independence Day",
        "date": "2023-11-18"
    }
]